// Jest Snapshot v1, https://goo.gl/fbAQLP

exports[`Character component renders a character 1`] = `
<section>
  <ul>
    <li>
      <img
        src="/path"
      />
    </li>
    <li>
      Name: 
      Morty
    </li>
    <li>
      Status: 
      Alive
    </li>
    <li>
      Species: 
      Human
    </li>
  </ul>
</section>
`;
